[2026-09-25 00:41:59,186] [INFO] [real_accelerator.py:203:get_accelerator] Setting ds_accelerator to cuda (auto detect)
Sliding Window Attention is enabled but not implemented for `sdpa`; unexpected results may be encountered.
/home/lize/miniconda3/envs/cosyvoice_dreamon/lib/python3.10/site-packages/lightning/fabric/__init__.py:41: pkg_resources is deprecated as an API. See https://setuptools.pypa.io/en/latest/pkg_resources.html. The pkg_resources package is slated for removal as early as 2025-11-30. Refrain from using this package or pin to Setuptools<81.
/home/lize/miniconda3/envs/cosyvoice_dreamon/lib/python3.10/site-packages/diffusers/models/lora.py:393: FutureWarning: `LoRACompatibleLinear` is deprecated and will be removed in version 1.0.0. Use of `LoRACompatibleLinear` is deprecated. Please switch to PEFT backend by installing PEFT: `pip install peft`.
  deprecate("LoRACompatibleLinear", "1.0.0", deprecation_message)
2026-09-25 00:42:06,143 INFO input frame rate=25
/home/lize/miniconda3/envs/cosyvoice_dreamon/lib/python3.10/site-packages/torch/nn/utils/weight_norm.py:143: FutureWarning: `torch.nn.utils.weight_norm` is deprecated in favor of `torch.nn.utils.parametrizations.weight_norm`.
  WeightNorm.apply(module, name, dim)
[0;93m2026-09-25 00:42:08.050317136 [W:onnxruntime:, transformer_memcpy.cc:74 ApplyImpl] 8 Memcpy nodes are added to the graph main_graph for CUDAExecutionProvider. It might have negative impact on performance (including unable to run CUDA graph). Set session_options.log_severity_level=1 to see the detail logs before this message.[m
[0;93m2026-09-25 00:42:08.053959670 [W:onnxruntime:, session_state.cc:1166 VerifyEachNodeIsAssignedToAnEp] Some nodes were not assigned to the preferred execution providers which may or may not have an negative impact on performance. e.g. ORT explicitly assigns shape related ops to CPU to improve perf.[m
[0;93m2026-09-25 00:42:08.053991856 [W:onnxruntime:, session_state.cc:1168 VerifyEachNodeIsAssignedToAnEp] Rerunning with verbose output on a non-minimal build will show node assignments.[m
Downloading Model to directory: /home/lize/.cache/modelscope/hub/pengzhendong/wetext
2026-09-25 00:42:08,263 DEBUG Starting new HTTPS connection (1): www.modelscope.cn:443
2026-09-25 00:42:08,907 DEBUG https://www.modelscope.cn:443 "GET /api/v1/models/pengzhendong/wetext/revisions HTTP/1.1" 200 222
2026-09-25 00:42:09,029 DEBUG https://www.modelscope.cn:443 "GET /api/v1/models/pengzhendong/wetext/repo/files?Revision=master&Recursive=True HTTP/1.1" 200 None
Downloading Model to directory: /home/lize/.cache/modelscope/hub/pengzhendong/wetext
2026-09-25 00:42:09,297 DEBUG Starting new HTTPS connection (1): www.modelscope.cn:443
2026-09-25 00:42:09,602 DEBUG https://www.modelscope.cn:443 "GET /api/v1/models/pengzhendong/wetext/revisions HTTP/1.1" 200 222
2026-09-25 00:42:09,711 DEBUG https://www.modelscope.cn:443 "GET /api/v1/models/pengzhendong/wetext/repo/files?Revision=master&Recursive=True HTTP/1.1" 200 None
2026-09-25 00:42:09,976 INFO use wetext frontend
/home/lize/CosyVoiceDreamON/cosyvoice/cli/model.py:293: FutureWarning: `torch.cuda.amp.autocast(args...)` is deprecated. Please use `torch.amp.autocast('cuda', args...)` instead.
  with torch.cuda.amp.autocast(self.fp16):
/home/lize/miniconda3/envs/cosyvoice_dreamon/lib/python3.10/site-packages/whisper/__init__.py:146: FutureWarning: You are using `torch.load` with `weights_only=False` (the current default value), which uses the default pickle module implicitly. It is possible to construct malicious pickle data which will execute arbitrary code during unpickling (See https://github.com/pytorch/pytorch/blob/main/SECURITY.md#untrusted-models for more details). In a future release, the default value for `weights_only` will be flipped to `True`. This limits the functions that could be executed during unpickling. Arbitrary objects will no longer be allowed to be loaded via this mode unless they are explicitly allowlisted by the user via `torch.serialization.add_safe_globals`. We recommend you start setting `weights_only=True` for any use case where you don't have full control of the loaded file. Please open an issue on GitHub for any issues related to this experimental feature.
  checkpoint = torch.load(fp, map_location=device)
/home/lize/miniconda3/envs/cosyvoice_dreamon/lib/python3.10/site-packages/whisper/transcribe.py:113: UserWarning: Performing inference on CPU when CUDA is available
  warnings.warn("Performing inference on CPU when CUDA is available")
/home/lize/miniconda3/envs/cosyvoice_dreamon/lib/python3.10/site-packages/whisper/transcribe.py:113: UserWarning: Performing inference on CPU when CUDA is available
  warnings.warn("Performing inference on CPU when CUDA is available")
/home/lize/miniconda3/envs/cosyvoice_dreamon/lib/python3.10/site-packages/whisper/transcribe.py:113: UserWarning: Performing inference on CPU when CUDA is available
  warnings.warn("Performing inference on CPU when CUDA is available")
/home/lize/miniconda3/envs/cosyvoice_dreamon/lib/python3.10/site-packages/whisper/transcribe.py:113: UserWarning: Performing inference on CPU when CUDA is available
  warnings.warn("Performing inference on CPU when CUDA is available")
/home/lize/miniconda3/envs/cosyvoice_dreamon/lib/python3.10/site-packages/whisper/transcribe.py:113: UserWarning: Performing inference on CPU when CUDA is available
  warnings.warn("Performing inference on CPU when CUDA is available")
/home/lize/miniconda3/envs/cosyvoice_dreamon/lib/python3.10/site-packages/whisper/transcribe.py:113: UserWarning: Performing inference on CPU when CUDA is available
  warnings.warn("Performing inference on CPU when CUDA is available")
/home/lize/miniconda3/envs/cosyvoice_dreamon/lib/python3.10/site-packages/whisper/transcribe.py:113: UserWarning: Performing inference on CPU when CUDA is available
  warnings.warn("Performing inference on CPU when CUDA is available")
/home/lize/miniconda3/envs/cosyvoice_dreamon/lib/python3.10/site-packages/whisper/transcribe.py:113: UserWarning: Performing inference on CPU when CUDA is available
  warnings.warn("Performing inference on CPU when CUDA is available")
/home/lize/miniconda3/envs/cosyvoice_dreamon/lib/python3.10/site-packages/whisper/transcribe.py:113: UserWarning: Performing inference on CPU when CUDA is available
  warnings.warn("Performing inference on CPU when CUDA is available")
/home/lize/miniconda3/envs/cosyvoice_dreamon/lib/python3.10/site-packages/whisper/transcribe.py:113: UserWarning: Performing inference on CPU when CUDA is available
  warnings.warn("Performing inference on CPU when CUDA is available")
/home/lize/miniconda3/envs/cosyvoice_dreamon/lib/python3.10/site-packages/whisper/transcribe.py:113: UserWarning: Performing inference on CPU when CUDA is available
  warnings.warn("Performing inference on CPU when CUDA is available")
/home/lize/miniconda3/envs/cosyvoice_dreamon/lib/python3.10/site-packages/whisper/transcribe.py:113: UserWarning: Performing inference on CPU when CUDA is available
  warnings.warn("Performing inference on CPU when CUDA is available")
/home/lize/miniconda3/envs/cosyvoice_dreamon/lib/python3.10/site-packages/whisper/transcribe.py:113: UserWarning: Performing inference on CPU when CUDA is available
  warnings.warn("Performing inference on CPU when CUDA is available")
/home/lize/miniconda3/envs/cosyvoice_dreamon/lib/python3.10/site-packages/whisper/transcribe.py:113: UserWarning: Performing inference on CPU when CUDA is available
  warnings.warn("Performing inference on CPU when CUDA is available")
/home/lize/miniconda3/envs/cosyvoice_dreamon/lib/python3.10/site-packages/whisper/transcribe.py:113: UserWarning: Performing inference on CPU when CUDA is available
  warnings.warn("Performing inference on CPU when CUDA is available")
/home/lize/miniconda3/envs/cosyvoice_dreamon/lib/python3.10/site-packages/whisper/transcribe.py:113: UserWarning: Performing inference on CPU when CUDA is available
  warnings.warn("Performing inference on CPU when CUDA is available")
/home/lize/miniconda3/envs/cosyvoice_dreamon/lib/python3.10/site-packages/whisper/transcribe.py:113: UserWarning: Performing inference on CPU when CUDA is available
  warnings.warn("Performing inference on CPU when CUDA is available")
/home/lize/miniconda3/envs/cosyvoice_dreamon/lib/python3.10/site-packages/whisper/transcribe.py:113: UserWarning: Performing inference on CPU when CUDA is available
  warnings.warn("Performing inference on CPU when CUDA is available")
/home/lize/miniconda3/envs/cosyvoice_dreamon/lib/python3.10/site-packages/whisper/transcribe.py:113: UserWarning: Performing inference on CPU when CUDA is available
  warnings.warn("Performing inference on CPU when CUDA is available")
/home/lize/miniconda3/envs/cosyvoice_dreamon/lib/python3.10/site-packages/whisper/transcribe.py:113: UserWarning: Performing inference on CPU when CUDA is available
  warnings.warn("Performing inference on CPU when CUDA is available")
/home/lize/miniconda3/envs/cosyvoice_dreamon/lib/python3.10/site-packages/whisper/transcribe.py:113: UserWarning: Performing inference on CPU when CUDA is available
  warnings.warn("Performing inference on CPU when CUDA is available")
/home/lize/miniconda3/envs/cosyvoice_dreamon/lib/python3.10/site-packages/whisper/transcribe.py:113: UserWarning: Performing inference on CPU when CUDA is available
  warnings.warn("Performing inference on CPU when CUDA is available")
/home/lize/miniconda3/envs/cosyvoice_dreamon/lib/python3.10/site-packages/whisper/transcribe.py:113: UserWarning: Performing inference on CPU when CUDA is available
  warnings.warn("Performing inference on CPU when CUDA is available")
/home/lize/miniconda3/envs/cosyvoice_dreamon/lib/python3.10/site-packages/whisper/transcribe.py:113: UserWarning: Performing inference on CPU when CUDA is available
  warnings.warn("Performing inference on CPU when CUDA is available")
/home/lize/miniconda3/envs/cosyvoice_dreamon/lib/python3.10/site-packages/whisper/transcribe.py:113: UserWarning: Performing inference on CPU when CUDA is available
  warnings.warn("Performing inference on CPU when CUDA is available")
/home/lize/miniconda3/envs/cosyvoice_dreamon/lib/python3.10/site-packages/whisper/transcribe.py:113: UserWarning: Performing inference on CPU when CUDA is available
  warnings.warn("Performing inference on CPU when CUDA is available")
/home/lize/miniconda3/envs/cosyvoice_dreamon/lib/python3.10/site-packages/whisper/transcribe.py:113: UserWarning: Performing inference on CPU when CUDA is available
  warnings.warn("Performing inference on CPU when CUDA is available")
/home/lize/miniconda3/envs/cosyvoice_dreamon/lib/python3.10/site-packages/whisper/transcribe.py:113: UserWarning: Performing inference on CPU when CUDA is available
  warnings.warn("Performing inference on CPU when CUDA is available")
/home/lize/miniconda3/envs/cosyvoice_dreamon/lib/python3.10/site-packages/whisper/transcribe.py:113: UserWarning: Performing inference on CPU when CUDA is available
  warnings.warn("Performing inference on CPU when CUDA is available")
/home/lize/miniconda3/envs/cosyvoice_dreamon/lib/python3.10/site-packages/whisper/transcribe.py:113: UserWarning: Performing inference on CPU when CUDA is available
  warnings.warn("Performing inference on CPU when CUDA is available")
/home/lize/miniconda3/envs/cosyvoice_dreamon/lib/python3.10/site-packages/whisper/transcribe.py:113: UserWarning: Performing inference on CPU when CUDA is available
  warnings.warn("Performing inference on CPU when CUDA is available")
/home/lize/miniconda3/envs/cosyvoice_dreamon/lib/python3.10/site-packages/whisper/transcribe.py:113: UserWarning: Performing inference on CPU when CUDA is available
  warnings.warn("Performing inference on CPU when CUDA is available")
/home/lize/miniconda3/envs/cosyvoice_dreamon/lib/python3.10/site-packages/whisper/transcribe.py:113: UserWarning: Performing inference on CPU when CUDA is available
  warnings.warn("Performing inference on CPU when CUDA is available")
/home/lize/miniconda3/envs/cosyvoice_dreamon/lib/python3.10/site-packages/whisper/transcribe.py:113: UserWarning: Performing inference on CPU when CUDA is available
  warnings.warn("Performing inference on CPU when CUDA is available")
/home/lize/miniconda3/envs/cosyvoice_dreamon/lib/python3.10/site-packages/whisper/transcribe.py:113: UserWarning: Performing inference on CPU when CUDA is available
  warnings.warn("Performing inference on CPU when CUDA is available")
/home/lize/miniconda3/envs/cosyvoice_dreamon/lib/python3.10/site-packages/whisper/transcribe.py:113: UserWarning: Performing inference on CPU when CUDA is available
  warnings.warn("Performing inference on CPU when CUDA is available")
/home/lize/miniconda3/envs/cosyvoice_dreamon/lib/python3.10/site-packages/whisper/transcribe.py:113: UserWarning: Performing inference on CPU when CUDA is available
  warnings.warn("Performing inference on CPU when CUDA is available")
/home/lize/miniconda3/envs/cosyvoice_dreamon/lib/python3.10/site-packages/whisper/transcribe.py:113: UserWarning: Performing inference on CPU when CUDA is available
  warnings.warn("Performing inference on CPU when CUDA is available")
/home/lize/miniconda3/envs/cosyvoice_dreamon/lib/python3.10/site-packages/whisper/transcribe.py:113: UserWarning: Performing inference on CPU when CUDA is available
  warnings.warn("Performing inference on CPU when CUDA is available")
/home/lize/miniconda3/envs/cosyvoice_dreamon/lib/python3.10/site-packages/whisper/transcribe.py:113: UserWarning: Performing inference on CPU when CUDA is available
  warnings.warn("Performing inference on CPU when CUDA is available")
/home/lize/miniconda3/envs/cosyvoice_dreamon/lib/python3.10/site-packages/whisper/transcribe.py:113: UserWarning: Performing inference on CPU when CUDA is available
  warnings.warn("Performing inference on CPU when CUDA is available")
/home/lize/miniconda3/envs/cosyvoice_dreamon/lib/python3.10/site-packages/whisper/transcribe.py:113: UserWarning: Performing inference on CPU when CUDA is available
  warnings.warn("Performing inference on CPU when CUDA is available")
/home/lize/miniconda3/envs/cosyvoice_dreamon/lib/python3.10/site-packages/whisper/transcribe.py:113: UserWarning: Performing inference on CPU when CUDA is available
  warnings.warn("Performing inference on CPU when CUDA is available")
/home/lize/miniconda3/envs/cosyvoice_dreamon/lib/python3.10/site-packages/whisper/transcribe.py:113: UserWarning: Performing inference on CPU when CUDA is available
  warnings.warn("Performing inference on CPU when CUDA is available")
/home/lize/miniconda3/envs/cosyvoice_dreamon/lib/python3.10/site-packages/whisper/transcribe.py:113: UserWarning: Performing inference on CPU when CUDA is available
  warnings.warn("Performing inference on CPU when CUDA is available")
/home/lize/miniconda3/envs/cosyvoice_dreamon/lib/python3.10/site-packages/whisper/transcribe.py:113: UserWarning: Performing inference on CPU when CUDA is available
  warnings.warn("Performing inference on CPU when CUDA is available")
/home/lize/miniconda3/envs/cosyvoice_dreamon/lib/python3.10/site-packages/whisper/transcribe.py:113: UserWarning: Performing inference on CPU when CUDA is available
  warnings.warn("Performing inference on CPU when CUDA is available")
/home/lize/miniconda3/envs/cosyvoice_dreamon/lib/python3.10/site-packages/whisper/transcribe.py:113: UserWarning: Performing inference on CPU when CUDA is available
  warnings.warn("Performing inference on CPU when CUDA is available")
/home/lize/miniconda3/envs/cosyvoice_dreamon/lib/python3.10/site-packages/whisper/transcribe.py:113: UserWarning: Performing inference on CPU when CUDA is available
  warnings.warn("Performing inference on CPU when CUDA is available")
/home/lize/miniconda3/envs/cosyvoice_dreamon/lib/python3.10/site-packages/whisper/transcribe.py:113: UserWarning: Performing inference on CPU when CUDA is available
  warnings.warn("Performing inference on CPU when CUDA is available")
/home/lize/miniconda3/envs/cosyvoice_dreamon/lib/python3.10/site-packages/whisper/transcribe.py:113: UserWarning: Performing inference on CPU when CUDA is available
  warnings.warn("Performing inference on CPU when CUDA is available")
/home/lize/miniconda3/envs/cosyvoice_dreamon/lib/python3.10/site-packages/whisper/transcribe.py:113: UserWarning: Performing inference on CPU when CUDA is available
  warnings.warn("Performing inference on CPU when CUDA is available")
/home/lize/miniconda3/envs/cosyvoice_dreamon/lib/python3.10/site-packages/whisper/transcribe.py:113: UserWarning: Performing inference on CPU when CUDA is available
  warnings.warn("Performing inference on CPU when CUDA is available")
/home/lize/miniconda3/envs/cosyvoice_dreamon/lib/python3.10/site-packages/whisper/transcribe.py:113: UserWarning: Performing inference on CPU when CUDA is available
  warnings.warn("Performing inference on CPU when CUDA is available")
/home/lize/miniconda3/envs/cosyvoice_dreamon/lib/python3.10/site-packages/whisper/transcribe.py:113: UserWarning: Performing inference on CPU when CUDA is available
  warnings.warn("Performing inference on CPU when CUDA is available")
/home/lize/miniconda3/envs/cosyvoice_dreamon/lib/python3.10/site-packages/whisper/transcribe.py:113: UserWarning: Performing inference on CPU when CUDA is available
  warnings.warn("Performing inference on CPU when CUDA is available")
/home/lize/miniconda3/envs/cosyvoice_dreamon/lib/python3.10/site-packages/whisper/transcribe.py:113: UserWarning: Performing inference on CPU when CUDA is available
  warnings.warn("Performing inference on CPU when CUDA is available")
/home/lize/miniconda3/envs/cosyvoice_dreamon/lib/python3.10/site-packages/whisper/transcribe.py:113: UserWarning: Performing inference on CPU when CUDA is available
  warnings.warn("Performing inference on CPU when CUDA is available")
/home/lize/miniconda3/envs/cosyvoice_dreamon/lib/python3.10/site-packages/whisper/transcribe.py:113: UserWarning: Performing inference on CPU when CUDA is available
  warnings.warn("Performing inference on CPU when CUDA is available")
/home/lize/miniconda3/envs/cosyvoice_dreamon/lib/python3.10/site-packages/whisper/transcribe.py:113: UserWarning: Performing inference on CPU when CUDA is available
  warnings.warn("Performing inference on CPU when CUDA is available")
/home/lize/miniconda3/envs/cosyvoice_dreamon/lib/python3.10/site-packages/whisper/transcribe.py:113: UserWarning: Performing inference on CPU when CUDA is available
  warnings.warn("Performing inference on CPU when CUDA is available")
/home/lize/miniconda3/envs/cosyvoice_dreamon/lib/python3.10/site-packages/whisper/transcribe.py:113: UserWarning: Performing inference on CPU when CUDA is available
  warnings.warn("Performing inference on CPU when CUDA is available")
/home/lize/miniconda3/envs/cosyvoice_dreamon/lib/python3.10/site-packages/whisper/transcribe.py:113: UserWarning: Performing inference on CPU when CUDA is available
  warnings.warn("Performing inference on CPU when CUDA is available")
/home/lize/miniconda3/envs/cosyvoice_dreamon/lib/python3.10/site-packages/whisper/transcribe.py:113: UserWarning: Performing inference on CPU when CUDA is available
  warnings.warn("Performing inference on CPU when CUDA is available")
/home/lize/miniconda3/envs/cosyvoice_dreamon/lib/python3.10/site-packages/whisper/transcribe.py:113: UserWarning: Performing inference on CPU when CUDA is available
  warnings.warn("Performing inference on CPU when CUDA is available")
/home/lize/miniconda3/envs/cosyvoice_dreamon/lib/python3.10/site-packages/whisper/transcribe.py:113: UserWarning: Performing inference on CPU when CUDA is available
  warnings.warn("Performing inference on CPU when CUDA is available")
/home/lize/miniconda3/envs/cosyvoice_dreamon/lib/python3.10/site-packages/whisper/transcribe.py:113: UserWarning: Performing inference on CPU when CUDA is available
  warnings.warn("Performing inference on CPU when CUDA is available")
/home/lize/miniconda3/envs/cosyvoice_dreamon/lib/python3.10/site-packages/whisper/transcribe.py:113: UserWarning: Performing inference on CPU when CUDA is available
  warnings.warn("Performing inference on CPU when CUDA is available")
/home/lize/miniconda3/envs/cosyvoice_dreamon/lib/python3.10/site-packages/whisper/transcribe.py:113: UserWarning: Performing inference on CPU when CUDA is available
  warnings.warn("Performing inference on CPU when CUDA is available")
/home/lize/miniconda3/envs/cosyvoice_dreamon/lib/python3.10/site-packages/whisper/transcribe.py:113: UserWarning: Performing inference on CPU when CUDA is available
  warnings.warn("Performing inference on CPU when CUDA is available")
/home/lize/miniconda3/envs/cosyvoice_dreamon/lib/python3.10/site-packages/whisper/transcribe.py:113: UserWarning: Performing inference on CPU when CUDA is available
  warnings.warn("Performing inference on CPU when CUDA is available")
/home/lize/miniconda3/envs/cosyvoice_dreamon/lib/python3.10/site-packages/whisper/transcribe.py:113: UserWarning: Performing inference on CPU when CUDA is available
  warnings.warn("Performing inference on CPU when CUDA is available")
/home/lize/miniconda3/envs/cosyvoice_dreamon/lib/python3.10/site-packages/whisper/transcribe.py:113: UserWarning: Performing inference on CPU when CUDA is available
  warnings.warn("Performing inference on CPU when CUDA is available")
/home/lize/miniconda3/envs/cosyvoice_dreamon/lib/python3.10/site-packages/whisper/transcribe.py:113: UserWarning: Performing inference on CPU when CUDA is available
  warnings.warn("Performing inference on CPU when CUDA is available")
/home/lize/miniconda3/envs/cosyvoice_dreamon/lib/python3.10/site-packages/whisper/transcribe.py:113: UserWarning: Performing inference on CPU when CUDA is available
  warnings.warn("Performing inference on CPU when CUDA is available")
/home/lize/miniconda3/envs/cosyvoice_dreamon/lib/python3.10/site-packages/whisper/transcribe.py:113: UserWarning: Performing inference on CPU when CUDA is available
  warnings.warn("Performing inference on CPU when CUDA is available")
/home/lize/miniconda3/envs/cosyvoice_dreamon/lib/python3.10/site-packages/whisper/transcribe.py:113: UserWarning: Performing inference on CPU when CUDA is available
  warnings.warn("Performing inference on CPU when CUDA is available")
/home/lize/miniconda3/envs/cosyvoice_dreamon/lib/python3.10/site-packages/whisper/transcribe.py:113: UserWarning: Performing inference on CPU when CUDA is available
  warnings.warn("Performing inference on CPU when CUDA is available")
/home/lize/miniconda3/envs/cosyvoice_dreamon/lib/python3.10/site-packages/whisper/transcribe.py:113: UserWarning: Performing inference on CPU when CUDA is available
  warnings.warn("Performing inference on CPU when CUDA is available")
/home/lize/miniconda3/envs/cosyvoice_dreamon/lib/python3.10/site-packages/whisper/transcribe.py:113: UserWarning: Performing inference on CPU when CUDA is available
  warnings.warn("Performing inference on CPU when CUDA is available")
2026-09-25 00:51:49,001 DEBUG Attempting to acquire lock 128815130584608 on /home/lize/.triton/autotune/Fp16Matmul_2d_kernel.pickle.lock
2026-09-25 00:51:49,001 DEBUG Lock 128815130584608 acquired on /home/lize/.triton/autotune/Fp16Matmul_2d_kernel.pickle.lock
2026-09-25 00:51:49,001 DEBUG Attempting to release lock 128815130584608 on /home/lize/.triton/autotune/Fp16Matmul_2d_kernel.pickle.lock
2026-09-25 00:51:49,001 DEBUG Lock 128815130584608 released on /home/lize/.triton/autotune/Fp16Matmul_2d_kernel.pickle.lock
2026-09-25 00:51:49,011 DEBUG Attempting to acquire lock 128815130584368 on /home/lize/.triton/autotune/Fp16Matmul_4d_kernel.pickle.lock
2026-09-25 00:51:49,011 DEBUG Lock 128815130584368 acquired on /home/lize/.triton/autotune/Fp16Matmul_4d_kernel.pickle.lock
2026-09-25 00:51:49,012 DEBUG Attempting to release lock 128815130584368 on /home/lize/.triton/autotune/Fp16Matmul_4d_kernel.pickle.lock
2026-09-25 00:51:49,012 DEBUG Lock 128815130584368 released on /home/lize/.triton/autotune/Fp16Matmul_4d_kernel.pickle.lock
